
   PASS  Tests\Unit\ExampleTest
  Γ£ô that true is true   0.02s  

   PASS  Tests\Feature\Auth\AuthenticationTest
  Γ£ô login screen can bΓÇª 0.18s  
  Γ£ô users can authentiΓÇª 0.05s  
  Γ£ô users with two facΓÇª 0.01s  
  Γ£ô users can not authΓÇª 0.01s  
  Γ£ô users can logout    0.01s  
  Γ£ô users are rate limΓÇª 0.01s  

   FAIL  Tests\Feature\Auth\EmailVerificationTest
  Γ£ô email verificationΓÇª 0.01s  
  Γ¿» email can be verifΓÇª 0.03s  
  Γ£ô email is not verifΓÇª 0.01s  
  Γ£ô email is not verifΓÇª 0.01s  
  Γ¿» verified user is rΓÇª 0.01s  
  Γ¿» already verified uΓÇª 0.01s  

   PASS  Tests\Feature\Auth\PasswordConfirmationTest
  Γ£ô confirm password sΓÇª 0.02s  
  Γ£ô password confirmatΓÇª 0.01s  

   PASS  Tests\Feature\Auth\PasswordResetTest
  Γ£ô reset password linΓÇª 0.01s  
  Γ£ô reset password linΓÇª 0.22s  
  Γ£ô reset password scrΓÇª 0.22s  
  Γ£ô password can be reΓÇª 0.22s  
  Γ£ô password cannot beΓÇª 0.22s  

   FAIL  Tests\Feature\Auth\RegistrationTest
  Γ¿» registration screeΓÇª 0.01s  
  Γ¿» new users cannot rΓÇª 0.01s  

   PASS  Tests\Feature\Auth\TwoFactorChallengeTest
  Γ£ô two factor challenΓÇª 0.01s  
  Γ£ô two factor challenΓÇª 0.01s  

   FAIL  Tests\Feature\Auth\VerificationNotificationTest
  Γ£ô sends verificationΓÇª 0.01s  
  Γ¿» does not send veriΓÇª 0.01s  

   PASS  Tests\Feature\DashboardTest
  Γ£ô guests are redirecΓÇª 0.01s  
  Γ£ô authenticated admiΓÇª 0.01s  
  Γ£ô authenticated cashΓÇª 0.01s  

   PASS  Tests\Feature\ExampleTest
  Γ£ô returns a successfΓÇª 0.01s  

   PASS  Tests\Feature\Settings\PasswordUpdateTest
  Γ£ô password update paΓÇª 0.01s  
  Γ£ô password can be upΓÇª 0.01s  
  Γ£ô correct password mΓÇª 0.01s  

   PASS  Tests\Feature\Settings\ProfileUpdateTest
  Γ£ô profile page is diΓÇª 0.01s  
  Γ£ô profile informatioΓÇª 0.01s  
  Γ£ô email verificationΓÇª 0.01s  
  Γ£ô user can delete thΓÇª 0.01s  
  Γ£ô correct password mΓÇª 0.01s  

   PASS  Tests\Feature\Settings\TwoFactorAuthenticationTest
  Γ£ô two factor settingΓÇª 0.02s  
  Γ£ô two factor settingΓÇª 0.01s  
  Γ£ô two factor settingΓÇª 0.01s  
  Γ£ô two factor settingΓÇª 0.01s  
  ΓöÇΓöÇΓöÇΓöÇΓöÇΓöÇΓöÇΓöÇΓöÇΓöÇΓöÇΓöÇΓöÇΓöÇΓöÇΓöÇΓöÇΓöÇΓöÇΓöÇΓöÇΓöÇΓöÇΓöÇΓöÇΓöÇΓöÇ  
   FAILED  Tests\Feature\AuΓÇª   
  Failed asserting that two strings are equal.
--- Expected
+++ Actual
@@ @@
-'http://localhost:8000/dashboard?verified=1'
+'http://localhost:8000?verified=1'

  at tests\Feature\Auth\EmailVerificationTest.php:31
     27Γûò     $response = $this->actingAs($user)->get($verificationUrl);
     28Γûò 
     29Γûò     Event::assertDispatched(Verified::class);
     30Γûò     expect($user->fresh()->hasVerifiedEmail())->toBeTrue();
  Γ₧£  31Γûò     $response->assertRedirect(route('dashboard', absolute: false).'?verified=1');
     32Γûò });
     33Γûò 
     34Γûò test('email is not verified with invalid hash', function () {
     35Γûò     $user = User::factory()->unverified()->create();

  ΓöÇΓöÇΓöÇΓöÇΓöÇΓöÇΓöÇΓöÇΓöÇΓöÇΓöÇΓöÇΓöÇΓöÇΓöÇΓöÇΓöÇΓöÇΓöÇΓöÇΓöÇΓöÇΓöÇΓöÇΓöÇΓöÇΓöÇ  
   FAILED  Tests\Feature\AuΓÇª   
  Failed asserting that two strings are equal.
--- Expected
+++ Actual
@@ @@
-'http://localhost:8000/dashboard'
+'http://localhost:8000'

  at tests\Feature\Auth\EmailVerificationTest.php:76
     72Γûò 
     73Γûò     $response = $this->actingAs($user)->get(route('verification.notice'));
     74Γûò 
     75Γûò     Event::assertNotDispatched(Verified::class);
  Γ₧£  76Γûò     $response->assertRedirect(route('dashboard', absolute: false));
     77Γûò });
     78Γûò 
     79Γûò test('already verified user visiting verification link is redirected without firing event again', function () {
     80Γûò     $user = User::factory()->create();

  ΓöÇΓöÇΓöÇΓöÇΓöÇΓöÇΓöÇΓöÇΓöÇΓöÇΓöÇΓöÇΓöÇΓöÇΓöÇΓöÇΓöÇΓöÇΓöÇΓöÇΓöÇΓöÇΓöÇΓöÇΓöÇΓöÇΓöÇ  
   FAILED  Tests\Feature\AuΓÇª   
  Failed asserting that two strings are equal.
--- Expected
+++ Actual
@@ @@
-'http://localhost:8000/dashboard?verified=1'
+'http://localhost:8000?verified=1'

  at tests\Feature\Auth\EmailVerificationTest.php:91
     87Γûò         ['id' => $user->id, 'hash' => sha1($user->email)]
     88Γûò     );
     89Γûò 
     90Γûò     $this->actingAs($user)->get($verificationUrl)
  Γ₧£  91Γûò         ->assertRedirect(route('dashboard', absolute: false).'?verified=1');
     92Γûò 
     93Γûò     Event::assertNotDispatched(Verified::class);
     94Γûò     expect($user->fresh()->hasVerifiedEmail())->toBeTrue();
     95Γûò });

  ΓöÇΓöÇΓöÇΓöÇΓöÇΓöÇΓöÇΓöÇΓöÇΓöÇΓöÇΓöÇΓöÇΓöÇΓöÇΓöÇΓöÇΓöÇΓöÇΓöÇΓöÇΓöÇΓöÇΓöÇΓöÇΓöÇΓöÇ  
   FAILED  Tests\Feature\AuΓÇª   
  Expected response status code [404] but received 200.
Failed asserting that 200 is identical to 404.

  at tests\Feature\Auth\RegistrationTest.php:6
      2Γûò 
      3Γûò test('registration screen cannot be rendered', function () {
      4Γûò     $response = $this->get('/register');
      5Γûò 
  Γ₧£   6Γûò     $response->assertStatus(404);
      7Γûò });
      8Γûò 
      9Γûò test('new users cannot register publicly', function () {
     10Γûò     $response = $this->post('/register', [

  ΓöÇΓöÇΓöÇΓöÇΓöÇΓöÇΓöÇΓöÇΓöÇΓöÇΓöÇΓöÇΓöÇΓöÇΓöÇΓöÇΓöÇΓöÇΓöÇΓöÇΓöÇΓöÇΓöÇΓöÇΓöÇΓöÇΓöÇ  
   FAILED  Tests\Feature\AuΓÇª   
  Expected response status code [404] but received 302.
Failed asserting that 302 is identical to 404.

  at tests\Feature\Auth\RegistrationTest.php:17
     13Γûò         'password' => 'password',
     14Γûò         'password_confirmation' => 'password',
     15Γûò     ]);
     16Γûò 
  Γ₧£  17Γûò     $response->assertStatus(404);
     18Γûò });

  ΓöÇΓöÇΓöÇΓöÇΓöÇΓöÇΓöÇΓöÇΓöÇΓöÇΓöÇΓöÇΓöÇΓöÇΓöÇΓöÇΓöÇΓöÇΓöÇΓöÇΓöÇΓöÇΓöÇΓöÇΓöÇΓöÇΓöÇ  
   FAILED  Tests\Feature\AuΓÇª   
  Failed asserting that two strings are equal.
--- Expected
+++ Actual
@@ @@
-'http://localhost:8000/dashboard'
+'http://localhost:8000'

  at tests\Feature\Auth\VerificationNotificationTest.php:26
     22Γûò     $user = User::factory()->create();
     23Γûò 
     24Γûò     $this->actingAs($user)
     25Γûò         ->post(route('verification.send'))
  Γ₧£  26Γûò         ->assertRedirect(route('dashboard', absolute: false));
     27Γûò 
     28Γûò     Notification::assertNothingSent();
     29Γûò });


  Tests:    6 failed, 36 passed (128 assertions)
  Duration: 1.75s

